data/sales.csv
date,sku,price,promo_flag,discount_pct,is_weekend,is_holiday,sales
2023-11-01,SKU_03,28.03,0,0.0,0,0,737
2023-11-02,SKU_03,28.16,0,0.0,0,0,882
2023-11-03,SKU_03,29.3,0,0.0,0,0,995
2023-11-04,SKU_03,31.73,0,0.0,1,0,1036
2023-11-05,SKU_03,30.13,0,0.0,1,0,882
2023-11-06,SKU_03,35.18,0,0.0,0,0,680
2023-11-07,SKU_03,34.22,0,0.0,0,0,658
2023-11-08,SKU_03,33.63,0,0.0,0,0,743
2023-11-09,SKU_03,34.15,0,0.0,0,0,881
2023-11-10,SKU_03,37.65,0,0.0,0,0,970
2023-11-11,SKU_03,37.61,0,0.0,1,0,1026
2023-11-12,SKU_03,39.14,0,0.0,1,0,863
2023-11-13,SKU_03,42.83,0,0.0,0,0,668
2023-11-14,SKU_03,40.39,0,0.0,0,0,665
2023-11-15,SKU_03,41.59,0,0.0,0,0,741
2023-11-16,SKU_03,41.85,0,0.0,0,0,82
2023-11-17,SKU_03,40.51,0,0.0,0,0,1006
2023-11-18,SKU_03,40.83,0,0.0,1,0,1064
2023-11-19,SKU_03,41.19,0,0.0,1,0,896
2023-11-20,SKU_03,41.01,0,0.0,0,0,716
2023-11-21,SKU_03,38.79,0,0.0,0,0,723
2023-11-22,SKU_03,38.09,0,0.0,0,0,807
2023-11-23,SKU_03,38.47,0,0.0,0,0,949
2023-11-24,SKU_03,38.49,0,0.0,0,0,1093
2023-11-25,SKU_03,41.01,0,0.0,1,0,1120
2023-11-26,SKU_03,41.8,0,0.0,1,0,946
2023-11-27,SKU_03,35.85,0,0.0,0,0,809
2023-11-28,SKU_03,37.48,0,0.0,0,0,762
2023-11-29,SKU_03,41.08,0,0.0,0,0,854
2023-11-30,SKU_03,40.42,0,0.0,0,0,986
2023-12-01,SKU_03,40.42,0,0.0,0,0,1140
2023-12-02,SKU_03,44.25,0,0.0,1,0,1158
2023-12-03,SKU_03,38.3,0,0.0,1,0,1025
2023-12-04,SKU_03,36.95,0,0.0,0,0,835
2023-12-05,SKU_03,37.19,0,0.0,0,0,818
2023-12-06,SKU_03,31.57,0,0.0,0,0,975
2023-12-07,SKU_03,30.62,0,0.0,0,0,1159
2023-12-08,SKU_03,29.51,0,0.0,0,0,1353
2023-12-09,SKU_03,28.22,0,0.0,1,0,1442
2023-12-10,SKU_03,30.77,0,0.0,1,0,1173
2023-12-11,SKU_03,32.27,0,0.0,0,0,929
2023-12-12,SKU_03,32.1,0,0.0,0,0,910
2023-12-13,SKU_03,33.36,0,0.0,0,0,1012
2023-12-14,SKU_03,34.18,0,0.0,0,0,1184
2023-12-15,SKU_03,33.61,0,0.0,0,0,1360
2023-12-16,SKU_03,34.13,0,0.0,1,0,1438
2023-12-17,SKU_03,33.58,0,0.0,1,0,1196
2023-12-18,SKU_03,34.51,0,0.0,0,0,975
2023-12-19,SKU_03,32.84,0,0.0,0,0,957
2023-12-20,SKU_03,28.69,0,0.0,0,0,1134
2023-12-21,SKU_03,28.97,0,0.0,0,0,1325
2023-12-22,SKU_03,32.59,0,0.0,0,0,1458
2023-12-23,SKU_03,35.52,0,0.0,1,0,1481
2023-12-24,SKU_03,35.56,0,0.0,1,0,1255
2023-12-25,SKU_03,34.61,0,0.0,0,0,1019
2023-12-26,SKU_03,32.51,0,0.0,0,0,1017
2023-12-27,SKU_03,34.17,0,0.0,0,0,1127
2023-12-28,SKU_03,30.77,0,0.0,0,0,1373
2023-12-29,SKU_03,29.11,0,0.0,0,0,1585
2023-12-30,SKU_03,31.06,1,0.286,1,0,3157
2023-12-31,SKU_03,30.43,0,0.0,1,0,1389
2024-01-01,SKU_03,30.78,0,0.0,0,1,1338
2024-01-02,SKU_03,31.32,0,0.0,0,0,1082
2024-01-03,SKU_03,28.35,0,0.0,0,0,1253
2024-01-04,SKU_03,26.41,0,0.0,0,0,1520
2024-01-05,SKU_03,28.25,0,0.0,0,0,1694
2024-01-06,SKU_03,26.91,0,0.0,1,0,1814
2024-01-07,SKU_03,29.25,0,0.0,1,1,1763
2024-01-08,SKU_03,30.79,0,0.0,0,0,1163
2024-01-09,SKU_03,27.39,0,0.0,0,0,1192
2024-01-10,SKU_03,28.75,0,0.0,0,0,1314
2024-01-11,SKU_03,28.7,0,0.0,0,0,1547
2024-01-12,SKU_03,27.22,0,0.0,0,0,1788
2024-01-13,SKU_03,26.53,0,0.0,1,0,1893
2024-01-14,SKU_03,27.38,0,0.0,1,0,1582
2024-01-15,SKU_03,25.25,0,0.0,0,0,1305
2024-01-16,SKU_03,24.92,0,0.0,0,0,1290
2024-01-17,SKU_03,25.98,0,0.0,0,0,1419
2024-01-18,SKU_03,28.89,0,0.0,0,0,1609
2024-01-19,SKU_03,26.06,0,0.0,0,0,1906
2024-01-20,SKU_03,23.62,0,0.0,1,0,2080
2024-01-21,SKU_03,22.0,0,0.0,1,0,1780
2024-01-22,SKU_03,20.55,0,0.0,0,0,1482
2024-01-23,SKU_03,21.38,0,0.0,0,0,1411
2024-01-24,SKU_03,22.45,0,0.0,0,0,1563
2024-01-25,SKU_03,22.94,0,0.0,0,0,1810
2024-01-26,SKU_03,24.36,0,0.0,0,0,2033
2024-01-27,SKU_03,24.92,0,0.0,1,0,2104
2024-01-28,SKU_03,22.96,0,0.0,1,0,1825
2024-01-29,SKU_03,23.4,0,0.0,0,0,1454
2024-01-30,SKU_03,20.54,1,0.24,0,0,2756
2024-01-31,SKU_03,20.45,0,0.0,0,0,1670
2024-02-01,SKU_03,20.67,0,0.0,0,0,1941
2024-02-02,SKU_03,20.35,0,0.0,0,0,2239
2024-02-03,SKU_03,21.43,0,0.0,1,0,2311
2024-02-04,SKU_03,21.0,0,0.0,1,0,1949
2024-02-05,SKU_03,21.7,0,0.0,0,0,1557
2024-02-06,SKU_03,21.85,0,0.0,0,0,1501
2024-02-07,SKU_03,22.66,0,0.0,0,0,1667
2024-02-08,SKU_03,17.75,0,0.0,0,0,2118
2024-02-09,SKU_03,17.31,0,0.0,0,0,2452
2024-02-10,SKU_03,19.9,0,0.0,1,0,2445
2024-02-11,SKU_03,20.52,0,0.0,1,0,2033
2024-02-12,SKU_03,20.63,0,0.0,0,0,1626
2024-02-13,SKU_03,21.01,0,0.0,0,0,1570
2024-02-14,SKU_03,19.16,0,0.0,0,0,1821
2024-02-15,SKU_03,19.93,0,0.0,0,0,2108
2024-02-16,SKU_03,21.96,0,0.0,0,0,2333
2024-02-17,SKU_03,23.2,0,0.0,1,0,2393
2024-02-18,SKU_03,21.34,0,0.0,1,0,2062
2024-02-19,SKU_03,21.06,0,0.0,0,0,1669
2024-02-20,SKU_03,18.83,0,0.0,0,0,1676
2024-02-21,SKU_03,19.21,0,0.0,0,0,1871
2024-02-22,SKU_03,18.21,0,0.0,0,0,2232
2024-02-23,SKU_03,18.11,0,0.0,0,1,3055
2024-02-24,SKU_03,18.89,0,0.0,1,0,2637
2024-02-25,SKU_03,19.02,0,0.0,1,0,2191
2024-02-26,SKU_03,19.86,0,0.0,0,0,1737
2024-02-27,SKU_03,19.22,0,0.0,0,0,1700
2024-02-28,SKU_03,18.85,0,0.0,0,0,1924
2024-02-29,SKU_03,18.4,0,0.0,0,0,2271
2024-03-01,SKU_03,18.33,0,0.0,0,0,2597
2024-03-02,SKU_03,18.02,0,0.0,1,0,2729
2024-03-03,SKU_03,20.01,0,0.0,1,0,2201
2024-03-04,SKU_03,23.3,0,0.0,0,0,1674
2024-03-05,SKU_03,21.91,0,0.0,0,0,1657
2024-03-06,SKU_03,20.98,0,0.0,0,0,1886
2024-03-07,SKU_03,20.6,0,0.0,0,0,2225
2024-03-08,SKU_03,22.57,0,0.0,0,1,2955
2024-03-09,SKU_03,21.21,0,0.0,1,0,2620
2024-03-10,SKU_03,20.3,0,0.0,1,0,2221
2024-03-11,SKU_03,19.75,0,0.0,0,0,1806
2024-03-12,SKU_03,20.1,0,0.0,0,0,1741
2024-03-13,SKU_03,23.93,0,0.0,0,0,1837
2024-03-14,SKU_03,28.0,0,0.0,0,0,2036
2024-03-15,SKU_03,30.06,0,0.0,0,0,2267
2024-03-16,SKU_03,31.58,1,0.155,1,0,4008
2024-03-17,SKU_03,30.23,0,0.0,1,0,1959
2024-03-18,SKU_03,32.64,0,0.0,0,0,1545
2024-03-19,SKU_03,31.76,0,0.0,0,0,1497
2024-03-20,SKU_03,30.99,0,0.0,0,0,1699
2024-03-21,SKU_03,26.84,0,0.0,0,0,2084
2024-03-22,SKU_03,25.0,0,0.0,0,0,2440
2024-03-23,SKU_03,25.09,0,0.0,1,0,2542
2024-03-24,SKU_03,24.13,0,0.0,1,0,2155
2024-03-25,SKU_03,20.73,0,0.0,0,0,1827
2024-03-26,SKU_03,19.96,0,0.0,0,0,1788
2024-03-27,SKU_03,21.6,0,0.0,0,0,1946
2024-03-28,SKU_03,19.04,0,0.0,0,0,2374
2024-03-29,SKU_03,18.28,0,0.0,0,0,2741
2024-03-30,SKU_03,18.87,0,0.0,1,0,2823
2024-03-31,SKU_03,23.07,0,0.0,1,0,2204
2024-04-01,SKU_03,21.69,0,0.0,0,0,1808
2024-04-02,SKU_03,20.14,0,0.0,0,0,1791
2024-04-03,SKU_03,20.73,0,0.0,0,0,1985
2024-04-04,SKU_03,19.0,0,0.0,0,0,2380
2024-04-05,SKU_03,19.39,0,0.0,0,0,2708
2024-04-06,SKU_03,20.17,0,0.0,1,0,2782
2024-04-07,SKU_03,19.15,1,0.275,1,0,4511
2024-04-08,SKU_03,19.84,0,0.0,0,0,1866
2024-04-09,SKU_03,20.08,0,0.0,0,0,1797
2024-04-10,SKU_03,21.6,0,0.0,0,0,1971
2024-04-11,SKU_03,22.75,0,0.0,0,0,2243
2024-04-12,SKU_03,20.99,0,0.0,0,0,2626
2024-04-13,SKU_03,23.93,0,0.0,1,0,2621
2024-04-14,SKU_03,27.26,0,0.0,1,0,2084
2024-04-15,SKU_03,25.55,0,0.0,0,0,1707
2024-04-16,SKU_03,28.46,0,0.0,0,0,1587
2024-04-17,SKU_03,27.13,0,0.0,0,0,1821
2024-04-18,SKU_03,30.95,1,0.173,0,0,283
2024-04-19,SKU_03,31.89,0,0.0,0,0,2267
2024-04-20,SKU_03,30.86,0,0.0,1,0,2394
2024-04-21,SKU_03,32.24,0,0.0,1,0,1960
2024-04-22,SKU_03,31.66,0,0.0,0,0,1568
2024-04-23,SKU_03,30.76,0,0.0,0,0,1540
2024-04-24,SKU_03,23.91,0,0.0,0,0,1886
2024-04-25,SKU_03,19.8,0,0.0,0,0,2340
2024-04-26,SKU_03,18.88,0,0.0,0,0,2712
2024-04-27,SKU_03,19.68,0,0.0,1,0,2788
2024-04-28,SKU_03,19.29,0,0.0,1,0,2323
2024-04-29,SKU_03,20.94,0,0.0,0,0,1815
2024-04-30,SKU_03,20.3,0,0.0,0,0,1769
2024-05-01,SKU_03,21.99,0,0.0,0,1,2314
2024-05-02,SKU_03,21.23,0,0.0,0,1,2725
2024-05-03,SKU_03,22.56,0,0.0,0,0,2530
2024-05-04,SKU_03,20.61,1,0.122,1,0,4562
2024-05-05,SKU_03,19.23,0,0.0,1,0,2325
2024-05-06,SKU_03,18.75,0,0.0,0,0,1865
2024-05-07,SKU_03,18.25,0,0.0,0,0,1828
2024-05-08,SKU_03,20.28,0,0.0,0,0,1975
2024-05-09,SKU_03,19.37,0,0.0,0,1,2795
2024-05-10,SKU_03,19.55,0,0.0,0,0,2640
2024-05-11,SKU_03,20.52,0,0.0,1,0,2698
2024-05-12,SKU_03,20.98,0,0.0,1,0,2227
2024-05-13,SKU_03,21.04,0,0.0,0,0,1774
2024-05-14,SKU_03,21.92,0,0.0,0,0,1686
2024-05-15,SKU_03,20.33,0,0.0,0,0,1949
2024-05-16,SKU_03,19.71,0,0.0,0,0,2297
2024-05-17,SKU_03,17.21,0,0.0,0,0,2730
2024-05-18,SKU_03,18.84,0,0.0,1,0,2739
2024-05-19,SKU_03,20.91,0,0.0,1,0,2194
2024-05-20,SKU_03,20.99,0,0.0,0,0,1753
2024-05-21,SKU_03,21.34,0,0.0,0,0,1680
2024-05-22,SKU_03,22.41,0,0.0,0,0,1851
2024-05-23,SKU_03,25.49,0,0.0,0,0,2055
2024-05-24,SKU_03,26.03,0,0.0,0,0,2327
2024-05-25,SKU_03,24.02,0,0.0,1,0,2495
2024-05-26,SKU_03,23.54,0,0.0,1,0,2072
2024-05-27,SKU_03,22.16,0,0.0,0,0,1699
2024-05-28,SKU_03,25.45,0,0.0,0,0,1562
2024-05-29,SKU_03,24.59,0,0.0,0,0,1765
2024-05-30,SKU_03,20.72,0,0.0,0,0,2185
2024-05-31,SKU_03,21.01,0,0.0,0,0,2453
2024-06-01,SKU_03,22.35,0,0.0,1,0,2510
2024-06-02,SKU_03,24.02,0,0.0,1,0,2034
2024-06-03,SKU_03,24.75,0,0.0,0,0,1605
2024-06-04,SKU_03,25.02,0,0.0,0,0,1542
2024-06-05,SKU_03,26.15,0,0.0,0,0,1694
2024-06-06,SKU_03,23.37,0,0.0,0,0,2042
2024-06-07,SKU_03,26.45,0,0.0,0,0,2225
2024-06-08,SKU_03,24.63,0,0.0,1,0,2372
2024-06-09,SKU_03,27.75,0,0.0,1,0,1896
2024-06-10,SKU_03,29.39,0,0.0,0,0,1483
2024-06-11,SKU_03,32.09,0,0.0,0,0,1387
2024-06-12,SKU_03,32.29,0,0.0,0,0,1545
2024-06-13,SKU_03,36.03,0,0.0,0,0,1723
2024-06-14,SKU_03,41.27,0,0.0,0,0,1867
2024-06-15,SKU_03,38.22,0,0.0,1,0,2005
2024-06-16,SKU_03,38.2,0,0.0,1,0,1660
2024-06-17,SKU_03,40.73,0,0.0,0,0,1296
2024-06-18,SKU_03,38.65,0,0.0,0,0,1277
2024-06-19,SKU_03,35.92,0,0.0,0,0,1458
2024-06-20,SKU_03,35.58,0,0.0,0,0,1692
2024-06-21,SKU_03,33.34,0,0.0,0,0,1975
2024-06-22,SKU_03,37.21,0,0.0,1,0,1976
2024-06-23,SKU_03,36.38,0,0.0,1,0,1655
2024-06-24,SKU_03,39.87,0,0.0,0,0,1273
2024-06-25,SKU_03,39.3,0,0.0,0,0,1244
2024-06-26,SKU_03,40.89,0,0.0,0,0,1376
2024-06-27,SKU_03,36.67,0,0.0,0,0,1649
2024-06-28,SKU_03,35.24,0,0.0,0,0,1897
2024-06-29,SKU_03,38.4,0,0.0,1,0,1918
2024-06-30,SKU_03,39.4,0,0.0,1,0,1587
2024-07-01,SKU_03,40.94,0,0.0,0,0,1244
2024-07-02,SKU_03,40.32,0,0.0,0,0,1207
2024-07-03,SKU_03,40.63,0,0.0,0,0,1357
2024-07-04,SKU_03,44.15,0,0.0,0,0,1521
2024-07-05,SKU_03,46.7,0,0.0,0,0,1688
2024-07-06,SKU_03,46.39,0,0.0,1,0,1760
2024-07-07,SKU_03,49.22,0,0.0,1,0,1433
2024-07-08,SKU_03,53.13,0,0.0,0,0,2161
2024-07-09,SKU_03,50.98,0,0.0,0,0,1093
2024-07-10,SKU_03,47.13,0,0.0,0,0,1256
2024-07-11,SKU_03,49.95,0,0.0,0,0,1424
2024-07-12,SKU_03,50.6,0,0.0,0,0,1602
2024-07-13,SKU_03,49.36,0,0.0,1,0,1695
2024-07-14,SKU_03,48.93,0,0.0,1,0,1408
2024-07-15,SKU_03,45.14,0,0.0,0,0,1166
2024-07-16,SKU_03,50.88,0,0.0,0,0,1075
2024-07-17,SKU_03,48.29,0,0.0,0,0,1211
2024-07-18,SKU_03,43.81,0,0.0,0,0,1461
2024-07-19,SKU_03,36.89,0,0.0,0,0,1758
2024-07-20,SKU_03,32.98,0,0.0,1,0,1914
2024-07-21,SKU_03,32.38,0,0.0,1,0,1604
2024-07-22,SKU_03,29.93,0,0.0,0,0,124
2024-07-23,SKU_03,28.07,0,0.0,0,0,1305
2024-07-24,SKU_03,24.11,0,0.0,0,0,1546
2024-07-25,SKU_03,24.46,0,0.0,0,0,1778
2024-07-26,SKU_03,25.45,0,0.0,0,0,1979
2024-07-27,SKU_03,25.16,0,0.0,1,0,2074
2024-07-28,SKU_03,23.19,0,0.0,1,0,1772
2024-07-29,SKU_03,20.17,0,0.0,0,0,1489
2024-07-30,SKU_03,18.21,0,0.0,0,0,1496
2024-07-31,SKU_03,19.51,0,0.0,0,0,1629
2024-08-01,SKU_03,18.39,0,0.0,0,0,1931
2024-08-02,SKU_03,18.39,0,0.0,0,0,2202
2024-08-03,SKU_03,20.23,0,0.0,1,0,2219
2024-08-04,SKU_03,16.93,0,0.0,1,0,1967
2024-08-05,SKU_03,14.76,0,0.0,0,0,1650
2024-08-06,SKU_03,16.38,0,0.0,0,0,1547
2024-08-07,SKU_03,17.49,0,0.0,0,0,1679
2024-08-08,SKU_03,20.27,0,0.0,0,0,1846
2024-08-09,SKU_03,19.99,0,0.0,0,0,2113
2024-08-10,SKU_03,22.15,0,0.0,1,0,2131
2024-08-11,SKU_03,23.3,0,0.0,1,0,1738
2024-08-12,SKU_03,23.52,0,0.0,0,0,1398
2024-08-13,SKU_03,22.05,0,0.0,0,0,1372
2024-08-14,SKU_03,21.73,0,0.0,0,0,1556
2024-08-15,SKU_03,23.24,0,0.0,0,0,1760
2024-08-16,SKU_03,23.85,0,0.0,0,0,1984
2024-08-17,SKU_03,20.3,0,0.0,1,0,2195
2024-08-18,SKU_03,19.78,0,0.0,1,0,1845
2024-08-19,SKU_03,22.23,0,0.0,0,0,1422
2024-08-20,SKU_03,21.28,0,0.0,0,0,1393
2024-08-21,SKU_03,19.32,0,0.0,0,0,1619
2024-08-22,SKU_03,21.53,0,0.0,0,0,1820
2024-08-23,SKU_03,20.81,0,0.0,0,0,2090
2024-08-24,SKU_03,20.02,0,0.0,1,0,2223
2024-08-25,SKU_03,19.26,0,0.0,1,0,1867
2024-08-26,SKU_03,20.7,0,0.0,0,0,1463
2024-08-27,SKU_03,21.14,0,0.0,0,0,1399
2024-08-28,SKU_03,20.76,0,0.0,0,0,1578
2024-08-29,SKU_03,23.88,0,0.0,0,0,1747
2024-08-30,SKU_03,23.46,0,0.0,0,0,2014
2024-08-31,SKU_03,23.25,0,0.0,1,0,2113
2024-09-01,SKU_03,26.39,0,0.0,1,0,1680
2024-09-02,SKU_03,25.48,0,0.0,0,0,1366
2024-09-03,SKU_03,23.77,0,0.0,0,0,1361
2024-09-04,SKU_03,20.43,0,0.0,0,0,1606
2024-09-05,SKU_03,22.14,0,0.0,0,0,1826
2024-09-06,SKU_03,20.86,0,0.0,0,0,2123
2024-09-07,SKU_03,21.54,0,0.0,1,0,2204
2024-09-08,SKU_03,22.41,0,0.0,1,0,1818
2024-09-09,SKU_03,23.98,0,0.0,0,0,1406
2024-09-10,SKU_03,21.14,0,0.0,0,0,1431
2024-09-11,SKU_03,20.36,0,0.0,0,0,1640
2024-09-12,SKU_03,20.65,0,0.0,0,0,1893
2024-09-13,SKU_03,20.3,0,0.0,0,0,2190
2024-09-14,SKU_03,20.32,0,0.0,1,0,2288
2024-09-15,SKU_03,21.89,0,0.0,1,0,1864
2024-09-16,SKU_03,21.61,0,0.0,0,0,1501
2024-09-17,SKU_03,23.38,0,0.0,0,0,1417
2024-09-18,SKU_03,22.47,0,0.0,0,0,1610
2024-09-19,SKU_03,19.38,0,0.0,0,0,1989
2024-09-20,SKU_03,20.97,0,0.0,0,0,2212
2024-09-21,SKU_03,20.37,0,0.0,1,0,2345
2024-09-22,SKU_03,21.18,0,0.0,1,0,1940
2024-09-23,SKU_03,20.38,0,0.0,0,0,1578
2024-09-24,SKU_03,21.49,0,0.0,0,0,1498
2024-09-25,SKU_03,21.88,0,0.0,0,0,1675
2024-09-26,SKU_03,21.16,0,0.0,0,0,1972
2024-09-27,SKU_03,21.12,0,0.0,0,0,2258
2024-09-28,SKU_03,18.98,0,0.0,1,0,2477
2024-09-29,SKU_03,17.95,0,0.0,1,0,2099
2024-09-30,SKU_03,17.01,0,0.0,0,0,1722
2024-10-01,SKU_03,17.54,0,0.0,0,0,1655
2024-10-02,SKU_03,17.82,0,0.0,0,0,1851
2024-10-03,SKU_03,20.26,0,0.0,0,0,2077
2024-10-04,SKU_03,18.02,0,0.0,0,0,2475
2024-10-05,SKU_03,16.37,0,0.0,1,0,2680
2024-10-06,SKU_03,17.17,0,0.0,1,0,2210
2024-10-07,SKU_03,18.74,0,0.0,0,0,1725
2024-10-08,SKU_03,20.63,0,0.0,0,0,2238
2024-10-09,SKU_03,14.73,0,0.0,0,0,2059
2024-10-10,SKU_03,15.01,0,0.0,0,0,2395
2024-10-11,SKU_03,15.61,0,0.0,0,0,2697
2024-10-12,SKU_03,16.75,0,0.0,1,0,2757
2024-10-13,SKU_03,19.62,0,0.0,1,0,2202
2024-10-14,SKU_03,19.99,0,0.0,0,0,1750
2024-10-15,SKU_03,19.51,0,0.0,0,0,1713
2024-10-16,SKU_03,17.13,0,0.0,0,0,2030
2024-10-17,SKU_03,19.11,0,0.0,0,0,2274
2024-10-18,SKU_03,16.02,0,0.0,0,0,2785
2024-10-19,SKU_03,15.7,0,0.0,1,0,2944
2024-10-20,SKU_03,15.14,0,0.0,1,0,2505
2024-10-21,SKU_03,14.11,0,0.0,0,0,2056
2024-10-22,SKU_03,15.51,0,0.0,0,0,1927
2024-10-23,SKU_03,16.74,0,0.0,0,0,2129
2024-10-24,SKU_03,15.74,0,0.0,0,0,2560
2024-10-25,SKU_03,15.29,0,0.0,0,0,2945
2024-10-26,SKU_03,17.02,0,0.0,1,0,2975
2024-10-27,SKU_03,18.19,0,0.0,1,0,2449
2024-10-28,SKU_03,16.68,0,0.0,0,0,2031
2024-10-29,SKU_03,16.81,0,0.0,0,0,1975
2024-10-30,SKU_03,17.2,0,0.0,0,0,2202
2024-10-31,SKU_03,18.33,0,0.0,0,0,2515
2024-11-01,SKU_03,18.71,0,0.0,0,0,2866
2024-11-02,SKU_03,19.42,0,0.0,1,0,2976
2024-11-03,SKU_03,20.32,0,0.0,1,0,2457
2024-11-04,SKU_03,18.18,0,0.0,0,0,2039
2024-11-05,SKU_03,19.34,0,0.0,0,0,1964
2024-11-06,SKU_03,18.37,0,0.0,0,0,2251
2024-11-07,SKU_03,17.25,0,0.0,0,0,2701
2024-11-08,SKU_03,15.1,0,0.0,0,0,229
2024-11-09,SKU_03,15.22,0,0.0,1,0,228
2024-11-10,SKU_03,14.54,0,0.0,1,0,2890
2024-11-11,SKU_03,13.61,0,0.0,0,0,2383
2024-11-12,SKU_03,14.13,0,0.0,0,0,2284
2024-11-13,SKU_03,14.64,0,0.0,0,0,2551
2024-11-14,SKU_03,16.31,0,0.0,0,0,2879
2024-11-15,SKU_03,16.78,0,0.0,0,0,3259
2024-11-16,SKU_03,16.64,0,0.0,1,0,3437
2024-11-17,SKU_03,16.83,0,0.0,1,0,2880
2024-11-18,SKU_03,15.97,0,0.0,0,0,2355
2024-11-19,SKU_03,15.42,0,0.0,0,0,2336
2024-11-20,SKU_03,16.19,0,0.0,0,0,2576
2024-11-21,SKU_03,15.35,0,0.0,0,0,3081
2024-11-22,SKU_03,14.93,0,0.0,0,0,3569
2024-11-23,SKU_03,14.79,0,0.0,1,0,3754
2024-11-24,SKU_03,13.25,0,0.0,1,0,3270
2024-11-25,SKU_03,12.24,0,0.0,0,0,2709
2024-11-26,SKU_03,11.33,0,0.0,0,0,2713
2024-11-27,SKU_03,11.24,1,0.316,0,0,6060
2024-11-28,SKU_03,11.23,0,0.0,0,0,3598
2024-11-29,SKU_03,10.88,0,0.0,0,0,4165
2024-11-30,SKU_03,11.07,0,0.0,1,0,4342
2024-12-01,SKU_03,11.07,0,0.0,1,0,3648
2024-12-02,SKU_03,11.89,0,0.0,0,0,2859
2024-12-03,SKU_03,12.05,0,0.0,0,0,2770
2024-12-04,SKU_03,12.53,0,0.0,0,0,3086
2024-12-05,SKU_03,11.89,0,0.0,0,0,3680
2024-12-06,SKU_03,11.42,0,0.0,0,0,4268
2024-12-07,SKU_03,11.73,0,0.0,1,0,4451
2024-12-08,SKU_03,12.14,0,0.0,1,0,3691
2024-12-09,SKU_03,12.8,0,0.0,0,0,2912
2024-12-10,SKU_03,12.82,0,0.0,0,0,2827
2024-12-11,SKU_03,10.68,0,0.0,0,0,3411
2024-12-12,SKU_03,9.94,0,0.0,0,0,4085
2024-12-13,SKU_03,8.77,0,0.0,0,0,4894
2024-12-14,SKU_03,9.11,0,0.0,1,0,5074
2024-12-15,SKU_03,8.83,0,0.0,1,0,4294
2024-12-16,SKU_03,8.55,0,0.0,0,0,3495
2024-12-17,SKU_03,9.37,0,0.0,0,0,3304
2024-12-18,SKU_03,8.8,0,0.0,0,0,3812
2024-12-19,SKU_03,9.06,0,0.0,0,0,4413
2024-12-20,SKU_03,9.83,0,0.0,0,0,4903
2024-12-21,SKU_03,9.76,0,0.0,1,0,5164
2024-12-22,SKU_03,9.98,0,0.0,1,0,4293
2024-12-23,SKU_03,10.38,0,0.0,0,0,3408
2024-12-24,SKU_03,9.96,0,0.0,0,0,3359
2024-12-25,SKU_03,10.5,0,0.0,0,0,3724
2024-12-26,SKU_03,8.57,0,0.0,0,0,4680
2024-12-27,SKU_03,7.43,0,0.0,0,0,5610
2024-12-28,SKU_03,6.96,0,0.0,1,0,6037
2024-12-29,SKU_03,6.91,0,0.0,1,0,5085
2024-12-30,SKU_03,7.15,0,0.0,0,0,4041
2024-12-31,SKU_03,6.97,0,0.0,0,0,3962
2025-01-01,SKU_03,6.48,0,0.0,0,1,5474
2025-01-02,SKU_03,6.41,0,0.0,0,0,5354
2025-01-03,SKU_03,6.54,0,0.0,0,0,6093
2025-01-04,SKU_03,6.24,0,0.0,1,0,6498
2025-01-05,SKU_03,6.69,0,0.0,1,0,5312
2025-01-06,SKU_03,6.89,0,0.0,0,0,4223
2025-01-07,SKU_03,6.74,0,0.0,0,1,4969
2025-01-08,SKU_03,6.08,0,0.0,0,0,4828
2025-01-09,SKU_03,5.47,0,0.0,0,0,5866
2025-01-10,SKU_03,5.42,0,0.0,0,0,6735
2025-01-11,SKU_03,4.42,0,0.0,1,0,7576
2025-01-12,SKU_03,4.84,0,0.0,1,0,6150
2025-01-13,SKU_03,5.12,0,0.0,0,0,4844
2025-01-14,SKU_03,5.0,0,0.0,0,0,4761
2025-01-15,SKU_03,4.92,0,0.0,0,0,5372
2025-01-16,SKU_03,5.08,0,0.0,0,0,6230
2025-01-17,SKU_03,4.78,0,0.0,0,0,7271
2025-01-18,SKU_03,4.61,0,0.0,1,0,7712
2025-01-19,SKU_03,4.5,0,0.0,1,0,6505
2025-01-20,SKU_03,4.02,0,0.0,0,0,5441
2025-01-21,SKU_03,3.6,0,0.0,0,0,5497
2025-01-22,SKU_03,3.67,0,0.0,0,0,6144
2025-01-23,SKU_03,3.46,0,0.0,0,0,7337
2025-01-24,SKU_03,3.42,0,0.0,0,0,8403
2025-01-25,SKU_03,3.52,0,0.0,1,0,8716
2025-01-26,SKU_03,3.09,0,0.0,1,0,7655
2025-01-27,SKU_03,3.27,0,0.0,0,0,6026
2025-01-28,SKU_03,3.48,0,0.0,0,0,5706
2025-01-29,SKU_03,3.57,0,0.0,0,0,6368
2025-01-30,SKU_03,3.92,0,0.0,0,0,7207
2025-01-31,SKU_03,4.17,0,0.0,0,0,8046
2025-02-01,SKU_03,3.96,0,0.0,1,0,8582
2025-02-02,SKU_03,4.36,0,0.0,1,0,6936
2025-02-03,SKU_03,4.16,0,0.0,0,0,5675
2025-02-04,SKU_03,4.43,0,0.0,0,0,5379
